components/MobileClassSelector.tsx(12,53): error TS2339: Property 'selectClass' does not exist on type 'ClassContextType'.
components/MobileClassSelector.tsx(12,81): error TS2339: Property 'addSeries' does not exist on type 'ClassContextType'.
components/MobileClassSelector.tsx(12,92): error TS2339: Property 'deleteSeries' does not exist on type 'ClassContextType'.
mobile-app/app/index.tsx(2,25): error TS2307: Cannot find module 'react-native-webview' or its corresponding type declarations.
mobile-app/components/parallax-scroll-view.tsx(10,28): error TS2307: Cannot find module '@/components/themed-view' or its corresponding type declarations.
mobile-app/components/parallax-scroll-view.tsx(11,32): error TS2307: Cannot find module '@/hooks/use-color-scheme' or its corresponding type declarations.
mobile-app/components/parallax-scroll-view.tsx(12,31): error TS2307: Cannot find module '@/hooks/use-theme-color' or its corresponding type declarations.
mobile-app/components/parallax-scroll-view.tsx(55,30): error TS7053: Element implicitly has an 'any' type because expression of type 'any' can't be used to index type '{ dark: string; light: string; }'.
mobile-app/components/themed-text.tsx(3,31): error TS2307: Cannot find module '@/hooks/use-theme-color' or its corresponding type declarations.
mobile-app/components/themed-view.tsx(3,31): error TS2307: Cannot find module '@/hooks/use-theme-color' or its corresponding type declarations.
mobile-app/components/ui/collapsible.tsx(4,28): error TS2307: Cannot find module '@/components/themed-text' or its corresponding type declarations.
mobile-app/components/ui/collapsible.tsx(5,28): error TS2307: Cannot find module '@/components/themed-view' or its corresponding type declarations.
mobile-app/components/ui/collapsible.tsx(6,28): error TS2307: Cannot find module '@/components/ui/icon-symbol' or its corresponding type declarations.
mobile-app/components/ui/collapsible.tsx(7,24): error TS2307: Cannot find module '@/constants/theme' or its corresponding type declarations.
mobile-app/components/ui/collapsible.tsx(8,32): error TS2307: Cannot find module '@/hooks/use-color-scheme' or its corresponding type declarations.
mobile-app/hooks/use-theme-color.ts(6,24): error TS2307: Cannot find module '@/constants/theme' or its corresponding type declarations.
mobile-app/hooks/use-theme-color.ts(7,32): error TS2307: Cannot find module '@/hooks/use-color-scheme' or its corresponding type declarations.
mobile-app/hooks/use-theme-color.ts(14,26): error TS7053: Element implicitly has an 'any' type because expression of type 'any' can't be used to index type '{ light?: string | undefined; dark?: string | undefined; }'.
utils/gradeCalculations.ts(51,20): error TS7053: Element implicitly has an 'any' type because expression of type 'string' can't be used to index type 'Student | { [key: string]: Grades; }'.
  No index signature with a parameter of type 'string' was found on type 'Student | { [key: string]: Grades; }'.
